Archive member included to satisfy reference by file (symbol)

c:/program files (x86)/atmel/studio/7.0/toolchain/arm/arm-gnu-toolchain/bin/../lib/gcc/arm-none-eabi/6.3.1/../../../../arm-none-eabi/lib/thumb/v7e-m\libc_nano.a(lib_a-exit.o)
                              c:/program files (x86)/atmel/studio/7.0/toolchain/arm/arm-gnu-toolchain/bin/../lib/gcc/arm-none-eabi/6.3.1/../../../../arm-none-eabi/lib/thumb/v7e-m/crt0.o (exit)
c:/program files (x86)/atmel/studio/7.0/toolchain/arm/arm-gnu-toolchain/bin/../lib/gcc/arm-none-eabi/6.3.1/../../../../arm-none-eabi/lib/thumb/v7e-m\libc_nano.a(lib_a-impure.o)
                              c:/program files (x86)/atmel/studio/7.0/toolchain/arm/arm-gnu-toolchain/bin/../lib/gcc/arm-none-eabi/6.3.1/../../../../arm-none-eabi/lib/thumb/v7e-m\libc_nano.a(lib_a-exit.o) (_global_impure_ptr)
c:/program files (x86)/atmel/studio/7.0/toolchain/arm/arm-gnu-toolchain/bin/../lib/gcc/arm-none-eabi/6.3.1/../../../../arm-none-eabi/lib/thumb/v7e-m\libc_nano.a(lib_a-init.o)
                              c:/program files (x86)/atmel/studio/7.0/toolchain/arm/arm-gnu-toolchain/bin/../lib/gcc/arm-none-eabi/6.3.1/../../../../arm-none-eabi/lib/thumb/v7e-m/crt0.o (__libc_init_array)
c:/program files (x86)/atmel/studio/7.0/toolchain/arm/arm-gnu-toolchain/bin/../lib/gcc/arm-none-eabi/6.3.1/../../../../arm-none-eabi/lib/thumb/v7e-m\libc_nano.a(lib_a-memset.o)
                              c:/program files (x86)/atmel/studio/7.0/toolchain/arm/arm-gnu-toolchain/bin/../lib/gcc/arm-none-eabi/6.3.1/../../../../arm-none-eabi/lib/thumb/v7e-m/crt0.o (memset)
c:/program files (x86)/atmel/studio/7.0/toolchain/arm/arm-gnu-toolchain/bin/../lib/gcc/arm-none-eabi/6.3.1/../../../../arm-none-eabi/lib/thumb/v7e-m\libc_nano.a(lib_a-printf.o)
                              hal/utils/src/utils_syscalls.o (printf)
c:/program files (x86)/atmel/studio/7.0/toolchain/arm/arm-gnu-toolchain/bin/../lib/gcc/arm-none-eabi/6.3.1/../../../../arm-none-eabi/lib/thumb/v7e-m\libc_nano.a(lib_a-findfp.o)
                              c:/program files (x86)/atmel/studio/7.0/toolchain/arm/arm-gnu-toolchain/bin/../lib/gcc/arm-none-eabi/6.3.1/../../../../arm-none-eabi/lib/thumb/v7e-m\libc_nano.a(lib_a-printf.o) (__sinit)
c:/program files (x86)/atmel/studio/7.0/toolchain/arm/arm-gnu-toolchain/bin/../lib/gcc/arm-none-eabi/6.3.1/../../../../arm-none-eabi/lib/thumb/v7e-m\libc_nano.a(lib_a-fwalk.o)
                              c:/program files (x86)/atmel/studio/7.0/toolchain/arm/arm-gnu-toolchain/bin/../lib/gcc/arm-none-eabi/6.3.1/../../../../arm-none-eabi/lib/thumb/v7e-m\libc_nano.a(lib_a-findfp.o) (_fwalk)
c:/program files (x86)/atmel/studio/7.0/toolchain/arm/arm-gnu-toolchain/bin/../lib/gcc/arm-none-eabi/6.3.1/../../../../arm-none-eabi/lib/thumb/v7e-m\libc_nano.a(lib_a-nano-mallocr.o)
                              c:/program files (x86)/atmel/studio/7.0/toolchain/arm/arm-gnu-toolchain/bin/../lib/gcc/arm-none-eabi/6.3.1/../../../../arm-none-eabi/lib/thumb/v7e-m\libc_nano.a(lib_a-findfp.o) (_malloc_r)
c:/program files (x86)/atmel/studio/7.0/toolchain/arm/arm-gnu-toolchain/bin/../lib/gcc/arm-none-eabi/6.3.1/../../../../arm-none-eabi/lib/thumb/v7e-m\libc_nano.a(lib_a-nano-vfprintf.o)
                              c:/program files (x86)/atmel/studio/7.0/toolchain/arm/arm-gnu-toolchain/bin/../lib/gcc/arm-none-eabi/6.3.1/../../../../arm-none-eabi/lib/thumb/v7e-m\libc_nano.a(lib_a-printf.o) (_vfprintf_r)
c:/program files (x86)/atmel/studio/7.0/toolchain/arm/arm-gnu-toolchain/bin/../lib/gcc/arm-none-eabi/6.3.1/../../../../arm-none-eabi/lib/thumb/v7e-m\libc_nano.a(lib_a-nano-vfprintf_i.o)
                              c:/program files (x86)/atmel/studio/7.0/toolchain/arm/arm-gnu-toolchain/bin/../lib/gcc/arm-none-eabi/6.3.1/../../../../arm-none-eabi/lib/thumb/v7e-m\libc_nano.a(lib_a-nano-vfprintf.o) (_printf_i)
c:/program files (x86)/atmel/studio/7.0/toolchain/arm/arm-gnu-toolchain/bin/../lib/gcc/arm-none-eabi/6.3.1/../../../../arm-none-eabi/lib/thumb/v7e-m\libc_nano.a(lib_a-sbrkr.o)
                              c:/program files (x86)/atmel/studio/7.0/toolchain/arm/arm-gnu-toolchain/bin/../lib/gcc/arm-none-eabi/6.3.1/../../../../arm-none-eabi/lib/thumb/v7e-m\libc_nano.a(lib_a-nano-mallocr.o) (_sbrk_r)
c:/program files (x86)/atmel/studio/7.0/toolchain/arm/arm-gnu-toolchain/bin/../lib/gcc/arm-none-eabi/6.3.1/../../../../arm-none-eabi/lib/thumb/v7e-m\libc_nano.a(lib_a-stdio.o)
                              c:/program files (x86)/atmel/studio/7.0/toolchain/arm/arm-gnu-toolchain/bin/../lib/gcc/arm-none-eabi/6.3.1/../../../../arm-none-eabi/lib/thumb/v7e-m\libc_nano.a(lib_a-findfp.o) (__sread)
c:/program files (x86)/atmel/studio/7.0/toolchain/arm/arm-gnu-toolchain/bin/../lib/gcc/arm-none-eabi/6.3.1/../../../../arm-none-eabi/lib/thumb/v7e-m\libc_nano.a(lib_a-wbuf.o)
[...]
Memory Configuration

Name             Origin             Length             Attributes
rom              0x00400000         0x00200000         xr
ram              0x20400000         0x00060000         xrw
*default*        0x00000000         0xffffffff

Linker script and memory map

LOAD c:/program files (x86)/atmel/studio/7.0/toolchain/arm/arm-gnu-toolchain/bin/../lib/gcc/arm-none-eabi/6.3.1/thumb/v7e-m/crti.o
LOAD c:/program files (x86)/atmel/studio/7.0/toolchain/arm/arm-gnu-toolchain/bin/../lib/gcc/arm-none-eabi/6.3.1/thumb/v7e-m/crtbegin.o
LOAD c:/program files (x86)/atmel/studio/7.0/toolchain/arm/arm-gnu-toolchain/bin/../lib/gcc/arm-none-eabi/6.3.1/../../../../arm-none-eabi/lib/thumb/v7e-m/crt0.o
LOAD atmel_start.o
LOAD Device_Startup/startup_samv71q21b.o
LOAD Device_Startup/system_samv71q21b.o
LOAD driver_init.o
LOAD examples/driver_examples.o
LOAD hal/src/hal_atomic.o
LOAD hal/src/hal_delay.o
LOAD hal/src/hal_gpio.o
LOAD hal/src/hal_init.o
LOAD hal/src/hal_io.o
LOAD hal/src/hal_sleep.o
LOAD hal/src/hal_spi_m_sync.o
LOAD hal/utils/src/utils_assert.o
LOAD hal/utils/src/utils_event.o
LOAD hal/utils/src/utils_list.o
LOAD hal/utils/src/utils_syscalls.o
LOAD hpl/core/hpl_core_m7_base.o
LOAD hpl/core/hpl_init.o
LOAD hpl/pmc/hpl_pmc.o
LOAD hpl/pmc/hpl_sleep.o
LOAD hpl/spi/hpl_spi.o
LOAD hpl/systick/hpl_systick_ARMv7_base.o
LOAD hpl/xdmac/hpl_xdmac.o
LOAD main.o
START GROUP
LOAD c:/program files (x86)/atmel/studio/7.0/toolchain/arm/arm-gnu-toolchain/bin/../lib/gcc/arm-none-eabi/6.3.1/../../../../arm-none-eabi/lib/thumb/v7e-m\libm.a
END GROUP
START GROUP
LOAD c:/program files (x86)/atmel/studio/7.0/toolchain/arm/arm-gnu-toolchain/bin/../lib/gcc/arm-none-eabi/6.3.1/thumb/v7e-m\libgcc.a
LOAD c:/program files (x86)/atmel/studio/7.0/toolchain/arm/arm-gnu-toolchain/bin/../lib/gcc/arm-none-eabi/6.3.1/../../../../arm-none-eabi/lib/thumb/v7e-m\libc_nano.a
END GROUP
START GROUP
LOAD c:/program files (x86)/atmel/studio/7.0/toolchain/arm/arm-gnu-toolchain/bin/../lib/gcc/arm-none-eabi/6.3.1/thumb/v7e-m\libgcc.a
LOAD c:/program files (x86)/atmel/studio/7.0/toolchain/arm/arm-gnu-toolchain/bin/../lib/gcc/arm-none-eabi/6.3.1/../../../../arm-none-eabi/lib/thumb/v7e-m\libc_nano.a
END GROUP
LOAD c:/program files (x86)/atmel/studio/7.0/toolchain/arm/arm-gnu-toolchain/bin/../lib/gcc/arm-none-eabi/6.3.1/thumb/v7e-m/crtend.o
LOAD c:/program files (x86)/atmel/studio/7.0/toolchain/arm/arm-gnu-toolchain/bin/../lib/gcc/arm-none-eabi/6.3.1/thumb/v7e-m/crtn.o
                0x00000400                STACK_SIZE = DEFINED (STACK_SIZE)?STACK_SIZE:DEFINED (__stack_size__)?__stack_size__:0x400
                0x00000200                HEAP_SIZE = DEFINED (HEAP_SIZE)?HEAP_SIZE:DEFINED (__heap_size__)?__heap_size__:0x200

.text           0x00400000      0x9e4
                0x00400000                . = ALIGN (0x4)
                0x00400000                _sfixed = .
 *(.vectors .vectors.*)
 .vectors       0x00400000      0x168 Device_Startup/startup_samv71q21b.o
                0x00400000                exception_table
 *(.text .text.* .gnu.linkonce.t.*)
 .text          0x00400168       0x6c c:/program files (x86)/atmel/studio/7.0/toolchain/arm/arm-gnu-toolchain/bin/../lib/gcc/arm-none-eabi/6.3.1/thumb/v7e-m/crtbegin.o
 .text.atmel_start_init
                0x004001d4        0xc atmel_start.o
                0x004001d4                atmel_start_init
 .text.Dummy_Handler
                0x004001e0        0x2 Device_Startup/startup_samv71q21b.o
                0x004001e0                DACC_Handler
                0x004001e0                SVCall_Handler
                0x004001e0                UART3_Handler
                0x004001e0                UART2_Handler
                0x004001e0                TRNG_Handler
                0x004001e0                HardFault_Handler
                0x004001e0                TC2_Handler
                0x004001e0                SysTick_Handler
                0x004001e0                AFEC1_Handler
                0x004001e0                PendSV_Handler
                0x004001e0                TC7_Handler
                0x004001e0                QSPI_Handler
                0x004001e0                NonMaskableInt_Handler
                0x004001e0                ISI_Handler
                0x004001e0                MCAN0_INT0_Handler
                0x004001e0                TC9_Handler
                0x004001e0                RSWDT_Handler
                0x004001e0                USART0_Handler
                0x004001e0                RTT_Handler
                0x004001e0                USBHS_Handler
                0x004001e0                IXC_Handler
                0x004001e0                CCF_Handler
                0x004001e0                PIOB_Handler
                0x004001e0                RTC_Handler
                0x004001e0                UsageFault_Handler
                0x004001e0                TC6_Handler
                0x004001e0                WDT_Handler
                0x004001e0                MCAN1_INT1_Handler
                0x004001e0                TC4_Handler
                0x004001e0                TC1_Handler
                0x004001e0                HSMCI_Handler
                0x004001e0                UART1_Handler
                0x004001e0                TC3_Handler
                0x004001e0                Dummy_Handler
                0x004001e0                TWIHS1_Handler
                0x004001e0                XDMAC_Handler
                0x004001e0                UART4_Handler
                0x004001e0                PWM1_Handler
                0x004001e0                USART1_Handler
                0x004001e0                PWM0_Handler
                0x004001e0                PIOA_Handler
                0x004001e0                AFEC0_Handler
                0x004001e0                CCW_Handler
                0x004001e0                SSC_Handler
                0x004001e0                TC11_Handler
                0x004001e0                ACC_Handler
                0x004001e0                PMC_Handler
                0x004001e0                GMAC_Handler
                0x004001e0                MCAN0_INT1_Handler
                0x004001e0                GMAC_Q5_Handler
                0x004001e0                SUPC_Handler
                0x004001e0                TC8_Handler
                0x004001e0                MCAN1_INT0_Handler
                0x004001e0                EFC_Handler
                0x004001e0                GMAC_Q1_Handler
                0x004001e0                USART2_Handler
                0x004001e0                SDRAMC_Handler
                0x004001e0                GMAC_Q2_Handler
                0x004001e0                PIOE_Handler
                0x004001e0                SPI1_Handler
                0x004001e0                TC10_Handler
                0x004001e0                GMAC_Q3_Handler
                0x004001e0                PIOD_Handler
                0x004001e0                TWIHS2_Handler
                0x004001e0                MLB_Handler
                0x004001e0                I2SC0_Handler
                0x004001e0                UART0_Handler
                0x004001e0                I2SC1_Handler
                0x004001e0                PIOC_Handler
                0x004001e0                GMAC_Q4_Handler
                0x004001e0                FPU_Handler
                0x004001e0                BusFault_Handler
                0x004001e0                RSTC_Handler
                0x004001e0                TC0_Handler
                0x004001e0                MemoryManagement_Handler
                0x004001e0                DebugMonitor_Handler
                0x004001e0                TC5_Handler
                0x004001e0                ICM_Handler
                0x004001e0                AES_Handler
                0x004001e0                TWIHS0_Handler
                0x004001e0                SPI0_Handler
 *fill*         0x004001e2        0x2 
 .text.Reset_Handler
                0x004001e4       0x68 Device_Startup/startup_samv71q21b.o
                0x004001e4                Reset_Handler
 .text.SPI_1_PORT_init
                0x0040024c       0x54 driver_init.o
                0x0040024c                SPI_1_PORT_init
 .text.SPI_1_CLOCK_init
                0x004002a0       0x1c driver_init.o
                0x004002a0                SPI_1_CLOCK_init
 .text.SPI_1_init
                0x004002bc       0x40 driver_init.o
                0x004002bc                SPI_1_init
 .text.delay_driver_init
                0x004002fc       0x14 driver_init.o
                0x004002fc                delay_driver_init
 .text.system_init
                0x00400310       0x40 driver_init.o
                0x00400310                system_init
 .text.SPI_1_example
                0x00400350       0x38 examples/driver_examples.o
                0x00400350                SPI_1_example
 .text.atomic_enter_critical
                0x00400388        0xe hal/src/hal_atomic.o
                0x00400388                atomic_enter_critical
 .text.atomic_leave_critical
                0x00400396        0xc hal/src/hal_atomic.o
                0x00400396                atomic_leave_critical
 *fill*         0x004003a2        0x2 
 .text.delay_init
                0x004003a4       0x14 hal/src/hal_delay.o
                0x004003a4                delay_init
 .text.delay_ms
                0x004003b8       0x20 hal/src/hal_delay.o
                0x004003b8                delay_ms
 .text.io_write
                0x004003d8       0x30 hal/src/hal_io.o
                0x004003d8                io_write
 .text.spi_m_sync_set_func_ptr
                0x00400408       0x20 hal/src/hal_spi_m_sync.o
                0x00400408                spi_m_sync_set_func_ptr
 .text.spi_m_sync_init
                0x00400428       0x50 hal/src/hal_spi_m_sync.o
                0x00400428                spi_m_sync_init
 .text.spi_m_sync_enable
                0x00400478       0x28 hal/src/hal_spi_m_sync.o
                0x00400478                spi_m_sync_enable
 .text.spi_m_sync_transfer
                0x004004a0       0x40 hal/src/hal_spi_m_sync.o
                0x004004a0                spi_m_sync_transfer
 .text._spi_m_sync_io_write
                0x004004e0       0x3c hal/src/hal_spi_m_sync.o
 .text._spi_m_sync_io_read
                0x0040051c       0x3c hal/src/hal_spi_m_sync.o
 .text.spi_m_sync_get_io_descriptor
                0x00400558       0x2c hal/src/hal_spi_m_sync.o
                0x00400558                spi_m_sync_get_io_descriptor
 .text.assert   0x00400584        0x6 hal/utils/src/utils_assert.o
                0x00400584                assert
 .text._get_cycles_for_ms
                0x0040058a       0x12 hpl/core/hpl_core_m7_base.o
                0x0040058a                _get_cycles_for_ms
 .text._init_chip
                0x0040059c       0x54 hpl/core/hpl_init.o
                0x0040059c                _init_chip
 .text._pmc_init_sources
                0x004005f0       0x50 hpl/pmc/hpl_pmc.o
 .text._pmc_init_master_clock
                0x00400640       0x4c hpl/pmc/hpl_pmc.o
 .text._pmc_init
                0x0040068c       0x14 hpl/pmc/hpl_pmc.o
                0x0040068c                _pmc_init
 .text._spi_sync_enable
                0x004006a0        0x8 hpl/spi/hpl_spi.o
 .text._spi_get_hardware_index
                0x004006a8       0x18 hpl/spi/hpl_spi.o
 .text._spi_m_sync_init
                0x004006c0       0xa8 hpl/spi/hpl_spi.o
                0x004006c0                _spi_m_sync_init
 .text._spi_m_sync_enable
                0x00400768       0x34 hpl/spi/hpl_spi.o
                0x00400768                _spi_m_sync_enable
 .text._spi_m_sync_trans
                0x0040079c      0x100 hpl/spi/hpl_spi.o
                0x0040079c                _spi_m_sync_trans
 .text._spi_get_spi_m_sync
                0x0040089c        0x4 hpl/spi/hpl_spi.o
                0x0040089c                _spi_get_spi_m_sync
 .text._system_time_init
                0x004008a0       0x14 hpl/systick/hpl_systick_ARMv7_base.o
                0x004008a0                _system_time_init
 .text._delay_init
                0x004008b4        0xc hpl/systick/hpl_systick_ARMv7_base.o
                0x004008b4                _delay_init
 .text._delay_cycles
                0x004008c0       0x40 hpl/systick/hpl_systick_ARMv7_base.o
                0x004008c0                _delay_cycles
 .text.main     0x00400900       0x20 main.o
                0x00400900                main
 .text.__libc_init_array
                0x00400920       0x48 c:/program files (x86)/atmel/studio/7.0/toolchain/arm/arm-gnu-toolchain/bin/../lib/gcc/arm-none-eabi/6.3.1/../../../../arm-none-eabi/lib/thumb/v7e-m\libc_nano.a(lib_a-init.o)
                0x00400920                __libc_init_array
 *(.glue_7t)
 .glue_7t       0x00400968        0x0 linker stubs
 *(.glue_7)
 .glue_7        0x00400968        0x0 linker stubs
 *(.rodata .rodata* .gnu.linkonce.r.*)
 .rodata.str1.4
                0x00400968       0x14 hal/src/hal_io.o
 .rodata.str1.4
                0x0040097c       0x1c hal/src/hal_spi_m_sync.o
 .rodata        0x00400998       0x14 hpl/spi/hpl_spi.o
 .rodata.str1.4
                0x004009ac       0x18 hpl/spi/hpl_spi.o
                                 0x15 (size before relaxing)
 *(.ARM.extab* .gnu.linkonce.armextab.*)
                0x004009c4                . = ALIGN (0x4)
 *(.init)
 .init          0x004009c4        0x4 c:/program files (x86)/atmel/studio/7.0/toolchain/arm/arm-gnu-toolchain/bin/../lib/gcc/arm-none-eabi/6.3.1/thumb/v7e-m/crti.o
                0x004009c4                _init
 .init          0x004009c8        0x8 c:/program files (x86)/atmel/studio/7.0/toolchain/arm/arm-gnu-toolchain/bin/../lib/gcc/arm-none-eabi/6.3.1/thumb/v7e-m/crtn.o
                0x004009d0                . = ALIGN (0x4)
                0x004009d0                __preinit_array_start = .
 *(.preinit_array)
                0x004009d0                __preinit_array_end = .
                0x004009d0                . = ALIGN (0x4)
                0x004009d0                __init_array_start = .
 *(SORT(.init_array.*))
 *(.init_array)
 .init_array    0x004009d0        0x4 c:/program files (x86)/atmel/studio/7.0/toolchain/arm/arm-gnu-toolchain/bin/../lib/gcc/arm-none-eabi/6.3.1/thumb/v7e-m/crtbegin.o
                0x004009d4                __init_array_end = .
                0x004009d4                . = ALIGN (0x4)
 *crtbegin.o(.ctors)
 *(EXCLUDE_FILE(*crtend.o) .ctors)
 *(SORT(.ctors.*))
 *crtend.o(.ctors)
                0x004009d4                . = ALIGN (0x4)
 *(.fini)
 .fini          0x004009d4        0x4 c:/program files (x86)/atmel/studio/7.0/toolchain/arm/arm-gnu-toolchain/bin/../lib/gcc/arm-none-eabi/6.3.1/thumb/v7e-m/crti.o
                0x004009d4                _fini
 .fini          0x004009d8        0x8 c:/program files (x86)/atmel/studio/7.0/toolchain/arm/arm-gnu-toolchain/bin/../lib/gcc/arm-none-eabi/6.3.1/thumb/v7e-m/crtn.o
                0x004009e0                . = ALIGN (0x4)
                0x004009e0                __fini_array_start = .
 *(.fini_array)
 .fini_array    0x004009e0        0x4 c:/program files (x86)/atmel/studio/7.0/toolchain/arm/arm-gnu-toolchain/bin/../lib/gcc/arm-none-eabi/6.3.1/thumb/v7e-m/crtbegin.o
 *(SORT(.fini_array.*))
                0x004009e4                __fini_array_end = .
 *crtbegin.o(.dtors)
 *(EXCLUDE_FILE(*crtend.o) .dtors)
 *(SORT(.dtors.*))
 *crtend.o(.dtors)
                0x004009e4                . = ALIGN (0x4)
                0x004009e4                _efixed = .
                [!provide]                PROVIDE (__exidx_start, .)

.vfp11_veneer   0x004009e4        0x0
 .vfp11_veneer  0x004009e4        0x0 linker stubs

.v4_bx          0x004009e4        0x0
 .v4_bx         0x004009e4        0x0 linker stubs

.iplt           0x004009e4        0x0
 .iplt          0x004009e4        0x0 c:/program files (x86)/atmel/studio/7.0/toolchain/arm/arm-gnu-toolchain/bin/../lib/gcc/arm-none-eabi/6.3.1/thumb/v7e-m/crtbegin.o

.eh_frame       0x004009e4        0x0
 .eh_frame      0x004009e4        0x0 c:/program files (x86)/atmel/studio/7.0/toolchain/arm/arm-gnu-toolchain/bin/../lib/gcc/arm-none-eabi/6.3.1/thumb/v7e-m/crtbegin.o

.rel.dyn        0x004009e4        0x0
 .rel.iplt      0x004009e4        0x0 c:/program files (x86)/atmel/studio/7.0/toolchain/arm/arm-gnu-toolchain/bin/../lib/gcc/arm-none-eabi/6.3.1/thumb/v7e-m/crtbegin.o

.jcr            0x004009e4        0x0
 .jcr           0x004009e4        0x0 c:/program files (x86)/atmel/studio/7.0/toolchain/arm/arm-gnu-toolchain/bin/../lib/gcc/arm-none-eabi/6.3.1/thumb/v7e-m/crtbegin.o

.igot.plt       0x004009e4        0x0
 .igot.plt      0x004009e4        0x0 c:/program files (x86)/atmel/studio/7.0/toolchain/arm/arm-gnu-toolchain/bin/../lib/gcc/arm-none-eabi/6.3.1/thumb/v7e-m/crtbegin.o

.ARM.exidx
 *(.ARM.exidx* .gnu.linkonce.armexidx.*)
                [!provide]                PROVIDE (__exidx_end, .)
                0x004009e4                . = ALIGN (0x4)
                0x004009e4                _etext = .

.relocate       0x20400000        0xc load address 0x004009e4
                0x20400000                . = ALIGN (0x4)
                0x20400000                _srelocate = .
 *(.ramfunc .ramfunc.*)
 *(.data .data.*)
 .data          0x20400000        0xc examples/driver_examples.o
                0x2040000c                . = ALIGN (0x4)
                0x2040000c                _erelocate = .

.bss            0x2040000c       0x38 load address 0x004009f0
                0x2040000c                . = ALIGN (0x4)
                0x2040000c                _sbss = .
                0x2040000c                _szero = .
 *(.bss .bss.*)
 .bss           0x2040000c       0x1c c:/program files (x86)/atmel/studio/7.0/toolchain/arm/arm-gnu-toolchain/bin/../lib/gcc/arm-none-eabi/6.3.1/thumb/v7e-m/crtbegin.o
 .bss           0x20400028        0x4 hal/src/hal_delay.o
 *(COMMON)
 COMMON         0x2040002c       0x18 driver_init.o
                0x2040002c                SPI_1
                0x20400044                . = ALIGN (0x4)
                0x20400044                _ebss = .
                0x20400044                _ezero = .

.heap           0x20400044      0x204 load address 0x00400a28
                0x20400048                . = ALIGN (0x8)
 *fill*         0x20400044        0x4 
                0x20400048                _sheap = .
                0x20400248                . = (. + HEAP_SIZE)
 *fill*         0x20400048      0x200 
                0x20400248                . = ALIGN (0x8)
                0x20400248                _eheap = .

.stack          0x20400248      0x400 load address 0x00400c2c
                0x20400248                . = ALIGN (0x8)
                0x20400248                _sstack = .
                0x20400648                . = (. + STACK_SIZE)
 *fill*         0x20400248      0x400 
                0x20400648                . = ALIGN (0x8)
                0x20400648                _estack = .
                0x20400648                . = ALIGN (0x4)
                0x20400648                _end = .
                0x2045ffff                _ram_end_ = ((ORIGIN (ram) + LENGTH (ram)) - 0x1)
OUTPUT(SPI_test.elf elf32-littlearm)

.ARM.attributes
                0x00000000       0x2e
 .ARM.attributes
                0x00000000       0x1e c:/program files (x86)/atmel/studio/7.0/toolchain/arm/arm-gnu-toolchain/bin/../lib/gcc/arm-none-eabi/6.3.1/thumb/v7e-m/crti.o
 .ARM.attributes
                0x0000001e       0x2e c:/program files (x86)/atmel/studio/7.0/toolchain/arm/arm-gnu-toolchain/bin/../lib/gcc/arm-none-eabi/6.3.1/thumb/v7e-m/crtbegin.o
 .ARM.attributes
                0x0000004c       0x37 atmel_start.o
 .ARM.attributes
                0x00000083       0x37 Device_Startup/startup_samv71q21b.o
 .ARM.attributes
                0x000000ba       0x37 driver_init.o
 .ARM.attributes
                0x000000f1       0x37 examples/driver_examples.o
 .ARM.attributes
                0x00000128       0x37 hal/src/hal_atomic.o
 .ARM.attributes
                0x0000015f       0x37 hal/src/hal_delay.o
 .ARM.attributes
                0x00000196       0x37 hal/src/hal_io.o
 .ARM.attributes
                0x000001cd       0x37 hal/src/hal_spi_m_sync.o
 .ARM.attributes
                0x00000204       0x37 hal/utils/src/utils_assert.o
 .ARM.attributes
                0x0000023b       0x37 hpl/core/hpl_core_m7_base.o
 .ARM.attributes
                0x00000272       0x37 hpl/core/hpl_init.o
 .ARM.attributes
                0x000002a9       0x37 hpl/pmc/hpl_pmc.o
 .ARM.attributes
                0x000002e0       0x37 hpl/spi/hpl_spi.o
 .ARM.attributes
                0x00000317       0x37 hpl/systick/hpl_systick_ARMv7_base.o
 .ARM.attributes
                0x0000034e       0x37 main.o
 .ARM.attributes
                0x00000385       0x2e c:/program files (x86)/atmel/studio/7.0/toolchain/arm/arm-gnu-toolchain/bin/../lib/gcc/arm-none-eabi/6.3.1/../../../../arm-none-eabi/lib/thumb/v7e-m\libc_nano.a(lib_a-init.o)
 .ARM.attributes
                0x000003b3       0x1e c:/program files (x86)/atmel/studio/7.0/toolchain/arm/arm-gnu-toolchain/bin/../lib/gcc/arm-none-eabi/6.3.1/thumb/v7e-m/crtn.o

.comment        0x00000000       0x59
 .comment       0x00000000       0x59 atmel_start.o
                                 0x5a (size before relaxing)
 .comment       0x00000059       0x5a Device_Startup/startup_samv71q21b.o
 .comment       0x00000059       0x5a driver_init.o
 .comment       0x00000059       0x5a examples/driver_examples.o
 .comment       0x00000059       0x5a hal/src/hal_atomic.o
 .comment       0x00000059       0x5a hal/src/hal_delay.o
 .comment       0x00000059       0x5a hal/src/hal_io.o
 .comment       0x00000059       0x5a hal/src/hal_spi_m_sync.o
 .comment       0x00000059       0x5a hal/utils/src/utils_assert.o
 .comment       0x00000059       0x5a hpl/core/hpl_core_m7_base.o
 .comment       0x00000059       0x5a hpl/core/hpl_init.o
 .comment       0x00000059       0x5a hpl/pmc/hpl_pmc.o
 .comment       0x00000059       0x5a hpl/spi/hpl_spi.o
 .comment       0x00000059       0x5a hpl/systick/hpl_systick_ARMv7_base.o
 .comment       0x00000059       0x5a main.o

.debug_info     0x00000000     0x8d7b
 .debug_info    0x00000000      0x264 atmel_start.o
 .debug_info    0x00000264      0xb34 Device_Startup/startup_samv71q21b.o
 .debug_info    0x00000d98     0x1949 driver_init.o
 .debug_info    0x000026e1      0x322 examples/driver_examples.o
 .debug_info    0x00002a03      0x1fa hal/src/hal_atomic.o
 .debug_info    0x00002bfd      0x205 hal/src/hal_delay.o
 .debug_info    0x00002e02      0x311 hal/src/hal_io.o
 .debug_info    0x00003113      0xa9e hal/src/hal_spi_m_sync.o
 .debug_info    0x00003bb1      0x130 hal/utils/src/utils_assert.o
 .debug_info    0x00003ce1      0xd3b hpl/core/hpl_core_m7_base.o
 .debug_info    0x00004a1c      0x6be hpl/core/hpl_init.o
 .debug_info    0x000050da      0x894 hpl/pmc/hpl_pmc.o
 .debug_info    0x0000596e     0x2ec9 hpl/spi/hpl_spi.o
 .debug_info    0x00008837      0x289 hpl/systick/hpl_systick_ARMv7_base.o
 .debug_info    0x00008ac0      0x2bb main.o

.debug_abbrev   0x00000000     0x1996
 .debug_abbrev  0x00000000       0xfb atmel_start.o
 .debug_abbrev  0x000000fb      0x153 Device_Startup/startup_samv71q21b.o
 .debug_abbrev  0x0000024e      0x2ee driver_init.o
 .debug_abbrev  0x0000053c      0x144 examples/driver_examples.o
 .debug_abbrev  0x00000680      0x155 hal/src/hal_atomic.o
 .debug_abbrev  0x000007d5       0xf9 hal/src/hal_delay.o
 .debug_abbrev  0x000008ce      0x12d hal/src/hal_io.o
 .debug_abbrev  0x000009fb      0x1c9 hal/src/hal_spi_m_sync.o
 .debug_abbrev  0x00000bc4       0x9e hal/utils/src/utils_assert.o
 .debug_abbrev  0x00000c62      0x293 hpl/core/hpl_core_m7_base.o
 .debug_abbrev  0x00000ef5      0x1e7 hpl/core/hpl_init.o
 .debug_abbrev  0x000010dc      0x1b7 hpl/pmc/hpl_pmc.o
 .debug_abbrev  0x00001293      0x458 hpl/spi/hpl_spi.o
 .debug_abbrev  0x000016eb      0x174 hpl/systick/hpl_systick_ARMv7_base.o
 .debug_abbrev  0x0000185f      0x137 main.o

.debug_loc      0x00000000     0x3506
 .debug_loc     0x00000000       0x20 atmel_start.o
 .debug_loc     0x00000020       0x78 Device_Startup/startup_samv71q21b.o
 .debug_loc     0x00000098      0x2f3 driver_init.o
 .debug_loc     0x0000038b       0x58 examples/driver_examples.o
 .debug_loc     0x000003e3       0x13 hal/src/hal_atomic.o
 .debug_loc     0x000003f6       0xc3 hal/src/hal_delay.o
 .debug_loc     0x000004b9      0x132 hal/src/hal_io.o
 .debug_loc     0x000005eb      0x6a5 hal/src/hal_spi_m_sync.o
 .debug_loc     0x00000c90      0x23a hpl/core/hpl_core_m7_base.o
 .debug_loc     0x00000eca       0x77 hpl/core/hpl_init.o
 .debug_loc     0x00000f41      0x204 hpl/pmc/hpl_pmc.o
 .debug_loc     0x00001145     0x227a hpl/spi/hpl_spi.o
 .debug_loc     0x000033bf      0x127 hpl/systick/hpl_systick_ARMv7_base.o
 .debug_loc     0x000034e6       0x20 main.o

.debug_aranges  0x00000000      0x548
 .debug_aranges
                0x00000000       0x20 atmel_start.o
 .debug_aranges
                0x00000020       0x28 Device_Startup/startup_samv71q21b.o
 .debug_aranges
                0x00000048       0x40 driver_init.o
 .debug_aranges
                0x00000088       0x28 examples/driver_examples.o
 .debug_aranges
                0x000000b0       0x30 hal/src/hal_atomic.o
 .debug_aranges
                0x000000e0       0x38 hal/src/hal_delay.o
 .debug_aranges
                0x00000118       0x30 hal/src/hal_io.o
 .debug_aranges
                0x00000148       0x88 hal/src/hal_spi_m_sync.o
 .debug_aranges
                0x000001d0       0x20 hal/utils/src/utils_assert.o
 .debug_aranges
                0x000001f0       0x70 hpl/core/hpl_core_m7_base.o
 .debug_aranges
                0x00000260       0x20 hpl/core/hpl_init.o
 .debug_aranges
                0x00000280       0x30 hpl/pmc/hpl_pmc.o
 .debug_aranges
                0x000002b0      0x230 hpl/spi/hpl_spi.o
 .debug_aranges
                0x000004e0       0x48 hpl/systick/hpl_systick_ARMv7_base.o
 .debug_aranges
                0x00000528       0x20 main.o

.debug_ranges   0x00000000      0x4b8
 .debug_ranges  0x00000000       0x10 atmel_start.o
 .debug_ranges  0x00000010       0x18 Device_Startup/startup_samv71q21b.o
 .debug_ranges  0x00000028       0x30 driver_init.o
 .debug_ranges  0x00000058       0x18 examples/driver_examples.o
 .debug_ranges  0x00000070       0x20 hal/src/hal_atomic.o
 .debug_ranges  0x00000090       0x28 hal/src/hal_delay.o
 .debug_ranges  0x000000b8       0x20 hal/src/hal_io.o
 .debug_ranges  0x000000d8       0x78 hal/src/hal_spi_m_sync.o
 .debug_ranges  0x00000150       0x10 hal/utils/src/utils_assert.o
 .debug_ranges  0x00000160       0x60 hpl/core/hpl_core_m7_base.o
 .debug_ranges  0x000001c0       0x10 hpl/core/hpl_init.o
 .debug_ranges  0x000001d0       0x20 hpl/pmc/hpl_pmc.o
 .debug_ranges  0x000001f0      0x280 hpl/spi/hpl_spi.o
 .debug_ranges  0x00000470       0x38 hpl/systick/hpl_systick_ARMv7_base.o
 .debug_ranges  0x000004a8       0x10 main.o

.debug_macro    0x00000000    0x3b916
 .debug_macro   0x00000000      0x757 atmel_start.o
 .debug_macro   0x00000757      0x8b0 atmel_start.o
 .debug_macro   0x00001007      0x16d atmel_start.o
 .debug_macro   0x00001174       0x22 atmel_start.o
 .debug_macro   0x00001196       0x87 atmel_start.o
 .debug_macro   0x0000121d       0x51 atmel_start.o
 .debug_macro   0x0000126e       0xef atmel_start.o
 .debug_macro   0x0000135d       0x6a atmel_start.o
 .debug_macro   0x000013c7      0x1df atmel_start.o
 .debug_macro   0x000015a6       0x22 atmel_start.o
 .debug_macro   0x000015c8       0xd7 atmel_start.o
 .debug_macro   0x0000169f       0x1c atmel_start.o
 .debug_macro   0x000016bb       0x22 atmel_start.o
 .debug_macro   0x000016dd       0xdf atmel_start.o
 .debug_macro   0x000017bc     0x12cd atmel_start.o
 .debug_macro   0x00002a89      0x11f atmel_start.o
 .debug_macro   0x00002ba8       0x19 atmel_start.o
 .debug_macro   0x00002bc1      0x3e2 atmel_start.o
 .debug_macro   0x00002fa3      0x5a9 atmel_start.o
 .debug_macro   0x0000354c     0x1797 atmel_start.o
 .debug_macro   0x00004ce3      0x3bb atmel_start.o
 .debug_macro   0x0000509e      0x830 atmel_start.o
 .debug_macro   0x000058ce      0x316 atmel_start.o
 .debug_macro   0x00005be4     0x269d atmel_start.o
 .debug_macro   0x00008281       0x40 atmel_start.o
 .debug_macro   0x000082c1     0x105e atmel_start.o
 .debug_macro   0x0000931f      0x60b atmel_start.o
 .debug_macro   0x0000992a      0x555 atmel_start.o
 .debug_macro   0x00009e7f      0xb8f atmel_start.o
 .debug_macro   0x0000aa0e      0x62e atmel_start.o
 .debug_macro   0x0000b03c     0x3ac9 atmel_start.o
 .debug_macro   0x0000eb05      0x6bf atmel_start.o
 .debug_macro   0x0000f1c4     0x83ff atmel_start.o
 .debug_macro   0x000175c3     0x326e atmel_start.o
 .debug_macro   0x0001a831     0x24d0 atmel_start.o
 .debug_macro   0x0001cd01      0x87f atmel_start.o
 .debug_macro   0x0001d580      0x17d atmel_start.o
 .debug_macro   0x0001d6fd      0x118 atmel_start.o
 .debug_macro   0x0001d815      0x909 atmel_start.o
 .debug_macro   0x0001e11e      0x125 atmel_start.o
 .debug_macro   0x0001e243      0x503 atmel_start.o
 .debug_macro   0x0001e746      0x3e0 atmel_start.o
 .debug_macro   0x0001eb26      0x709 atmel_start.o
 .debug_macro   0x0001f22f      0xb64 atmel_start.o
 .debug_macro   0x0001fd93      0xf03 atmel_start.o
 .debug_macro   0x00020c96      0xff2 atmel_start.o
 .debug_macro   0x00021c88      0x1a8 atmel_start.o
 .debug_macro   0x00021e30      0x124 atmel_start.o
 .debug_macro   0x00021f54      0xbc2 atmel_start.o
 .debug_macro   0x00022b16      0x5c5 atmel_start.o
 .debug_macro   0x000230db     0x1afb atmel_start.o
 .debug_macro   0x00024bd6      0x664 atmel_start.o
 .debug_macro   0x0002523a     0x41a7 atmel_start.o
 .debug_macro   0x000293e1      0x64f atmel_start.o
 .debug_macro   0x00029a30       0xc4 atmel_start.o
 .debug_macro   0x00029af4      0x12d atmel_start.o
 .debug_macro   0x00029c21     0x2a5f atmel_start.o
 .debug_macro   0x0002c680       0x7c atmel_start.o
 .debug_macro   0x0002c6fc      0x14e atmel_start.o
 .debug_macro   0x0002c84a       0xf4 atmel_start.o
 .debug_macro   0x0002c93e       0xf4 atmel_start.o
 .debug_macro   0x0002ca32       0x16 atmel_start.o
 .debug_macro   0x0002ca48       0x7c atmel_start.o
 .debug_macro   0x0002cac4       0x40 atmel_start.o
 .debug_macro   0x0002cb04      0x623 atmel_start.o
 .debug_macro   0x0002d127       0x40 atmel_start.o
 .debug_macro   0x0002d167      0x7ce atmel_start.o
 .debug_macro   0x0002d935       0x6a atmel_start.o
 .debug_macro   0x0002d99f       0x6a atmel_start.o
 .debug_macro   0x0002da09       0x88 atmel_start.o
 .debug_macro   0x0002da91       0xac atmel_start.o
 .debug_macro   0x0002db3d      0x142 atmel_start.o
 .debug_macro   0x0002dc7f      0x138 atmel_start.o
 .debug_macro   0x0002ddb7      0x138 atmel_start.o
 .debug_macro   0x0002deef       0xee atmel_start.o
 .debug_macro   0x0002dfdd      0x187 atmel_start.o
 .debug_macro   0x0002e164      0x180 atmel_start.o
 .debug_macro   0x0002e2e4      0x180 atmel_start.o
 .debug_macro   0x0002e464      0x180 atmel_start.o
 .debug_macro   0x0002e5e4      0x180 atmel_start.o
 .debug_macro   0x0002e764      0x121 atmel_start.o
 .debug_macro   0x0002e885      0x352 atmel_start.o
 .debug_macro   0x0002ebd7      0x352 atmel_start.o
 .debug_macro   0x0002ef29       0x82 atmel_start.o
 .debug_macro   0x0002efab       0x22 atmel_start.o
 .debug_macro   0x0002efcd       0x22 atmel_start.o
 .debug_macro   0x0002efef       0x58 atmel_start.o
 .debug_macro   0x0002f047       0x28 atmel_start.o
 .debug_macro   0x0002f06f       0x64 atmel_start.o
 .debug_macro   0x0002f0d3       0x94 atmel_start.o
 .debug_macro   0x0002f167       0x7c atmel_start.o
 .debug_macro   0x0002f1e3       0x7c atmel_start.o
 .debug_macro   0x0002f25f       0x8e atmel_start.o
 .debug_macro   0x0002f2ed       0x34 atmel_start.o
 .debug_macro   0x0002f321      0x1a8 atmel_start.o
 .debug_macro   0x0002f4c9      0x1a8 atmel_start.o
 .debug_macro   0x0002f671      0x1a8 atmel_start.o
 .debug_macro   0x0002f819      0x1a8 atmel_start.o
 .debug_macro   0x0002f9c1       0x3a atmel_start.o
 .debug_macro   0x0002f9fb       0x82 atmel_start.o
 .debug_macro   0x0002fa7d       0x82 atmel_start.o
 .debug_macro   0x0002faff       0x82 atmel_start.o
 .debug_macro   0x0002fb81       0x70 atmel_start.o
 .debug_macro   0x0002fbf1       0x70 atmel_start.o
 .debug_macro   0x0002fc61       0x70 atmel_start.o
 .debug_macro   0x0002fcd1       0x70 atmel_start.o
 .debug_macro   0x0002fd41       0x70 atmel_start.o
 .debug_macro   0x0002fdb1       0xf4 atmel_start.o
 .debug_macro   0x0002fea5       0xf4 atmel_start.o
 .debug_macro   0x0002ff99       0xf4 atmel_start.o
 .debug_macro   0x0003008d      0x71f atmel_start.o
 .debug_macro   0x000307ac       0x16 atmel_start.o
 .debug_macro   0x000307c2       0x22 atmel_start.o
 .debug_macro   0x000307e4      0x9bf atmel_start.o
 .debug_macro   0x000311a3      0x59f atmel_start.o
 .debug_macro   0x00031742     0x2879 atmel_start.o
 .debug_macro   0x00033fbb      0x169 atmel_start.o
 .debug_macro   0x00034124       0x10 atmel_start.o
 .debug_macro   0x00034134       0x10 atmel_start.o
 .debug_macro   0x00034144       0x16 atmel_start.o
 .debug_macro   0x0003415a       0x16 atmel_start.o
 .debug_macro   0x00034170       0x16 atmel_start.o
 .debug_macro   0x00034186       0x16 atmel_start.o
 .debug_macro   0x0003419c       0x16 atmel_start.o
 .debug_macro   0x000341b2       0x16 atmel_start.o
 .debug_macro   0x000341c8       0x16 atmel_start.o
 .debug_macro   0x000341de       0x16 atmel_start.o
 .debug_macro   0x000341f4       0x16 atmel_start.o
 .debug_macro   0x0003420a       0x16 atmel_start.o
 .debug_macro   0x00034220       0x16 atmel_start.o
 .debug_macro   0x00034236       0x16 atmel_start.o
 .debug_macro   0x0003424c       0x16 atmel_start.o
 .debug_macro   0x00034262       0x16 atmel_start.o
 .debug_macro   0x00034278       0x16 atmel_start.o
 .debug_macro   0x0003428e       0x16 atmel_start.o
 .debug_macro   0x000342a4       0x16 atmel_start.o
 .debug_macro   0x000342ba       0x16 atmel_start.o
 .debug_macro   0x000342d0       0x16 atmel_start.o
 .debug_macro   0x000342e6       0x16 atmel_start.o
 .debug_macro   0x000342fc       0x16 atmel_start.o
 .debug_macro   0x00034312       0x16 atmel_start.o
 .debug_macro   0x00034328       0x16 atmel_start.o
 .debug_macro   0x0003433e       0x16 atmel_start.o
 .debug_macro   0x00034354       0x16 atmel_start.o
 .debug_macro   0x0003436a       0x16 atmel_start.o
 .debug_macro   0x00034380       0x16 atmel_start.o
 .debug_macro   0x00034396      0x27e atmel_start.o
 .debug_macro   0x00034614       0x16 atmel_start.o
 .debug_macro   0x0003462a       0x16 atmel_start.o
 .debug_macro   0x00034640       0x16 atmel_start.o
 .debug_macro   0x00034656      0x373 atmel_start.o
 .debug_macro   0x000349c9       0xa9 atmel_start.o
 .debug_macro   0x00034a72       0x16 atmel_start.o
 .debug_macro   0x00034a88       0x16 atmel_start.o
 .debug_macro   0x00034a9e       0x16 atmel_start.o
 .debug_macro   0x00034ab4       0xca atmel_start.o
 .debug_macro   0x00034b7e       0x1c atmel_start.o
 .debug_macro   0x00034b9a       0x16 atmel_start.o
 .debug_macro   0x00034bb0       0x34 atmel_start.o
 .debug_macro   0x00034be4       0xc9 atmel_start.o
 .debug_macro   0x00034cad      0x49c Device_Startup/startup_samv71q21b.o
 .debug_macro   0x00035149       0xd1 Device_Startup/startup_samv71q21b.o
 .debug_macro   0x0003521a      0x775 driver_init.o
 .debug_macro   0x0003598f       0x10 driver_init.o
 .debug_macro   0x0003599f       0x3a driver_init.o
 .debug_macro   0x000359d9      0x765 examples/driver_examples.o
 .debug_macro   0x0003613e      0x669 hal/src/hal_atomic.o
 .debug_macro   0x000367a7      0x6a0 hal/src/hal_delay.o
 .debug_macro   0x00036e47      0x67e hal/src/hal_io.o
 .debug_macro   0x000374c5      0x6c6 hal/src/hal_spi_m_sync.o
 .debug_macro   0x00037b8b      0x673 hal/utils/src/utils_assert.o
 .debug_macro   0x000381fe       0x10 hal/utils/src/utils_assert.o
 .debug_macro   0x0003820e      0x6c9 hpl/core/hpl_core_m7_base.o
 .debug_macro   0x000388d7      0x6e1 hpl/core/hpl_init.o
 .debug_macro   0x00038fb8      0x324 hpl/core/hpl_init.o
 .debug_macro   0x000392dc      0x9df hpl/core/hpl_init.o
 .debug_macro   0x00039cbb      0x692 hpl/pmc/hpl_pmc.o
 .debug_macro   0x0003a34d      0x739 hpl/spi/hpl_spi.o
 .debug_macro   0x0003aa86       0x64 hpl/spi/hpl_spi.o
 .debug_macro   0x0003aaea       0x1c hpl/spi/hpl_spi.o
 .debug_macro   0x0003ab06       0x22 hpl/spi/hpl_spi.o
 .debug_macro   0x0003ab28       0x10 hpl/spi/hpl_spi.o
 .debug_macro   0x0003ab38      0x678 hpl/systick/hpl_systick_ARMv7_base.o
 .debug_macro   0x0003b1b0       0x10 hpl/systick/hpl_systick_ARMv7_base.o
 .debug_macro   0x0003b1c0      0x756 main.o

.debug_line     0x00000000     0xcc40
 .debug_line    0x00000000      0xd7b atmel_start.o
 .debug_line    0x00000d7b      0x900 Device_Startup/startup_samv71q21b.o
 .debug_line    0x0000167b      0xe7c driver_init.o
 .debug_line    0x000024f7      0xdb0 examples/driver_examples.o
 .debug_line    0x000032a7      0xc78 hal/src/hal_atomic.o
 .debug_line    0x00003f1f      0xcac hal/src/hal_delay.o
 .debug_line    0x00004bcb      0xc70 hal/src/hal_io.o
 .debug_line    0x0000583b      0xda7 hal/src/hal_spi_m_sync.o
 .debug_line    0x000065e2      0xc4d hal/utils/src/utils_assert.o
 .debug_line    0x0000722f      0xdd4 hpl/core/hpl_core_m7_base.o
 .debug_line    0x00008003      0xd33 hpl/core/hpl_init.o
 .debug_line    0x00008d36      0xd3e hpl/pmc/hpl_pmc.o
 .debug_line    0x00009a74     0x1767 hpl/spi/hpl_spi.o
 .debug_line    0x0000b1db      0xce7 hpl/systick/hpl_systick_ARMv7_base.o
 .debug_line    0x0000bec2      0xd7e main.o

.debug_str      0x00000000   0x140647
 .debug_str     0x00000000   0x13a63b atmel_start.o
                             0x13afe5 (size before relaxing)
 .debug_str     0x0013a63b      0x78d Device_Startup/startup_samv71q21b.o
                             0x1353c7 (size before relaxing)
 .debug_str     0x0013adc8      0xa48 driver_init.o
                             0x13ba56 (size before relaxing)
 .debug_str     0x0013b810       0x8a examples/driver_examples.o
                             0x13b05a (size before relaxing)
 .debug_str     0x0013b89a       0xa3 hal/src/hal_atomic.o
                             0x13a77f (size before relaxing)
 .debug_str     0x0013b93d       0x92 hal/src/hal_delay.o
                             0x13a7e9 (size before relaxing)
 .debug_str     0x0013b9cf       0x3a hal/src/hal_io.o
                             0x13a81a (size before relaxing)
 .debug_str     0x0013ba09      0x2ba hal/src/hal_spi_m_sync.o
                             0x13b107 (size before relaxing)
 .debug_str     0x0013bcc3       0x2f hal/utils/src/utils_assert.o
                             0x13a78f (size before relaxing)
 .debug_str     0x0013bcf2      0x5f0 hpl/core/hpl_core_m7_base.o
                             0x13b561 (size before relaxing)
 .debug_str     0x0013c2e2     0x3073 hpl/core/hpl_init.o
                             0x13db93 (size before relaxing)
 .debug_str     0x0013f355      0x1d6 hpl/pmc/hpl_pmc.o
                             0x13b7c3 (size before relaxing)
 .debug_str     0x0013f52b     0x1032 hpl/spi/hpl_spi.o
                             0x13c5d5 (size before relaxing)
 .debug_str     0x0014055d       0xde hpl/systick/hpl_systick_ARMv7_base.o
                             0x13a7e8 (size before relaxing)
 .debug_str     0x0014063b        0xc main.o
                             0x13afee (size before relaxing)

.debug_frame    0x00000000      0xc48
 .debug_frame   0x00000000       0x28 atmel_start.o
 .debug_frame   0x00000028       0x38 Device_Startup/startup_samv71q21b.o
 .debug_frame   0x00000060       0x78 driver_init.o
 .debug_frame   0x000000d8       0x48 examples/driver_examples.o
 .debug_frame   0x00000120       0x40 hal/src/hal_atomic.o
 .debug_frame   0x00000160       0x68 hal/src/hal_delay.o
 .debug_frame   0x000001c8       0x58 hal/src/hal_io.o
 .debug_frame   0x00000220      0x194 hal/src/hal_spi_m_sync.o
 .debug_frame   0x000003b4       0x20 hal/utils/src/utils_assert.o
 .debug_frame   0x000003d4       0xcc hpl/core/hpl_core_m7_base.o
 .debug_frame   0x000004a0       0x2c hpl/core/hpl_init.o
 .debug_frame   0x000004cc       0x48 hpl/pmc/hpl_pmc.o
 .debug_frame   0x00000514      0x668 hpl/spi/hpl_spi.o
 .debug_frame   0x00000b7c       0x78 hpl/systick/hpl_systick_ARMv7_base.o
 .debug_frame   0x00000bf4       0x28 main.o
 .debug_frame   0x00000c1c       0x2c c:/program files (x86)/atmel/studio/7.0/toolchain/arm/arm-gnu-toolchain/bin/../lib/gcc/arm-none-eabi/6.3.1/../../../../arm-none-eabi/lib/thumb/v7e-m\libc_nano.a(lib_a-init.o)
